// Jest Snapshot v1, https://goo.gl/fbAQLP

exports[`CardFooter should render correctly 1`] = `ShallowWrapper {}`;
