// Jest Snapshot v1, https://goo.gl/fbAQLP

exports[`CardBody should render correctly 1`] = `ShallowWrapper {}`;
