// Jest Snapshot v1, https://goo.gl/fbAQLP

exports[`CustomDropdown should render correctly 1`] = `ShallowWrapper {}`;
